// Jest Snapshot v1, https://goo.gl/fbAQLP

exports[`Card render the card 1`] = `
<styled.div
  height={70}
  onScroll={[Function]}
  width={70}
/>
`;
